docker-compose : time="2025-09-10T11:26:02+04:00" level=warning msg="Found orphan containers ([emoji-game-android emoji-game-prod 
ionic_app]) for this project. If you removed or renamed this service in your compose file, you can run this command with the --rem
ove-orphans flag to clean it up."
At line:1 char:1
+ docker-compose run app-dev npm run build > build_output.txt 2>&1
+ ~~~~~~~~~~~~~~~~~~~~~~~~~~~~~~~~~~~~~~~~~~~~~~~~~~~~~~~~~~~~~~~~
    + CategoryInfo          : NotSpecified: (time="2025-09-1...o clean it up.":String) [], RemoteException
    + FullyQualifiedErrorId : NativeCommandError
 
